Copyright 1986-2022 Xilinx, Inc. All Rights Reserved. Copyright 2022-2023 Advanced Micro Devices, Inc. All Rights Reserved.
---------------------------------------------------------------------------------------------------------------------------------------------
| Tool Version : Vivado v.2023.2 (lin64) Build 4029153 Fri Oct 13 20:13:54 MDT 2023
| Date         : Fri Nov  1 23:38:07 2024
| Host         : bigbc running 64-bit Ubuntu 24.04 LTS
| Command      : report_control_sets -verbose -file system_wrapper_control_sets_placed.rpt
| Design       : system_wrapper
| Device       : xc7z010
---------------------------------------------------------------------------------------------------------------------------------------------

Control Set Information

Table of Contents
-----------------
1. Summary
2. Histogram
3. Flip-Flop Distribution
4. Detailed Control Set Information

1. Summary
----------

+----------------------------------------------------------+-------+
|                          Status                          | Count |
+----------------------------------------------------------+-------+
| Total control sets                                       |    45 |
|    Minimum number of control sets                        |    45 |
|    Addition due to synthesis replication                 |     0 |
|    Addition due to physical synthesis replication        |     0 |
| Unused register locations in slices containing registers |    72 |
+----------------------------------------------------------+-------+
* Control sets can be merged at opt_design using control_set_merge or merge_equivalent_drivers
** Run report_qor_suggestions for automated merging and remapping suggestions


2. Histogram
------------

+--------------------+-------+
|       Fanout       | Count |
+--------------------+-------+
| Total control sets |    45 |
| >= 0 to < 4        |     1 |
| >= 4 to < 6        |     3 |
| >= 6 to < 8        |     3 |
| >= 8 to < 10       |    21 |
| >= 10 to < 12      |     0 |
| >= 12 to < 14      |     1 |
| >= 14 to < 16      |     1 |
| >= 16              |    15 |
+--------------------+-------+
* Control sets can be remapped at either synth_design or opt_design


3. Flip-Flop Distribution
-------------------------

+--------------+-----------------------+------------------------+-----------------+--------------+
| Clock Enable | Synchronous Set/Reset | Asynchronous Set/Reset | Total Registers | Total Slices |
+--------------+-----------------------+------------------------+-----------------+--------------+
| No           | No                    | No                     |              22 |           11 |
| No           | No                    | Yes                    |             106 |           32 |
| No           | Yes                   | No                     |              28 |           12 |
| Yes          | No                    | No                     |             318 |           88 |
| Yes          | No                    | Yes                    |               0 |            0 |
| Yes          | Yes                   | No                     |             262 |           66 |
+--------------+-----------------------+------------------------+-----------------+--------------+


4. Detailed Control Set Information
-----------------------------------

+-------------------------------+-----------------------------------------------------------------------+--------------------------------------------------------------------------+------------------+----------------+--------------+
|          Clock Signal         |                             Enable Signal                             |                             Set/Reset Signal                             | Slice Load Count | Bel Load Count | Bels / Slice |
+-------------------------------+-----------------------------------------------------------------------+--------------------------------------------------------------------------+------------------+----------------+--------------+
|  system_i/pll_0/inst/clk_out1 |                                                                       | system_i/writer_0/inst/fifo_0/xpm_fifo_base_inst/xpm_fifo_rst_inst/rst_i |                1 |              3 |         3.00 |
|  system_i/pll_0/inst/clk_out1 | system_i/hub_0/inst/buf_3/buf_1/E[0]                                  | system_i/hub_0/inst/buf_3/buf_1/SR[0]                                    |                2 |              4 |         2.00 |
|  system_i/pll_0/inst/clk_out1 | system_i/writer_0/inst/buf_1/E[0]                                     | system_i/writer_0/inst/fifo_0_i_1_n_0                                    |                2 |              4 |         2.00 |
|  system_i/pll_0/inst/clk_out1 |                                                                       | system_i/rst_0/U0/EXT_LPF/lpf_int                                        |                2 |              5 |         2.50 |
|  system_i/pll_0/inst/clk_out1 |                                                                       | system_i/writer_0/inst/fifo_0/xpm_fifo_base_inst/xpm_fifo_rst_inst/SR[0] |                2 |              6 |         3.00 |
|  system_i/pll_0/inst/clk_out1 |                                                                       | system_i/writer_0/inst/fifo_0/xpm_fifo_base_inst/xpm_fifo_rst_inst/Q[0]  |                3 |              6 |         2.00 |
|  system_i/pll_0/inst/clk_out1 | system_i/rst_0/U0/SEQ/seq_cnt_en                                      | system_i/rst_0/U0/SEQ/SEQ_COUNTER/q_int[5]_i_1_n_0                       |                2 |              6 |         3.00 |
|  system_i/pll_0/inst/clk_out1 | system_i/hub_0/inst/buf_0/buf_1/CE025_out                             | system_i/hub_0/inst/buf_3/buf_0/ACTIVE_LOW_PR_OUT_DFF[0].FDRE_PER_N      |                2 |              8 |         4.00 |
|  system_i/pll_0/inst/clk_out1 | system_i/hub_0/inst/buf_0/buf_1/CE019_out                             | system_i/hub_0/inst/buf_3/buf_0/ACTIVE_LOW_PR_OUT_DFF[0].FDRE_PER_N      |                2 |              8 |         4.00 |
|  system_i/pll_0/inst/clk_out1 | system_i/hub_0/inst/buf_0/buf_1/CE032_out                             | system_i/hub_0/inst/buf_3/buf_0/ACTIVE_LOW_PR_OUT_DFF[0].FDRE_PER_N      |                1 |              8 |         8.00 |
|  system_i/pll_0/inst/clk_out1 | system_i/hub_0/inst/buf_0/buf_1/CE027_out                             | system_i/hub_0/inst/buf_3/buf_0/ACTIVE_LOW_PR_OUT_DFF[0].FDRE_PER_N      |                2 |              8 |         4.00 |
|  system_i/pll_0/inst/clk_out1 | system_i/hub_0/inst/buf_0/buf_1/CE029_out                             | system_i/hub_0/inst/buf_3/buf_0/ACTIVE_LOW_PR_OUT_DFF[0].FDRE_PER_N      |                1 |              8 |         8.00 |
|  system_i/pll_0/inst/clk_out1 | system_i/hub_0/inst/buf_0/buf_1/CE034_out                             | system_i/hub_0/inst/buf_3/buf_0/ACTIVE_LOW_PR_OUT_DFF[0].FDRE_PER_N      |                3 |              8 |         2.67 |
|  system_i/pll_0/inst/clk_out1 | system_i/hub_0/inst/buf_0/buf_1/CE036_out                             | system_i/hub_0/inst/buf_3/buf_0/ACTIVE_LOW_PR_OUT_DFF[0].FDRE_PER_N      |                1 |              8 |         8.00 |
|  system_i/pll_0/inst/clk_out1 | system_i/hub_0/inst/buf_0/buf_1/CE038_out                             | system_i/hub_0/inst/buf_3/buf_0/ACTIVE_LOW_PR_OUT_DFF[0].FDRE_PER_N      |                1 |              8 |         8.00 |
|  system_i/pll_0/inst/clk_out1 | system_i/hub_0/inst/buf_0/buf_1/CE041_out                             | system_i/hub_0/inst/buf_3/buf_0/ACTIVE_LOW_PR_OUT_DFF[0].FDRE_PER_N      |                2 |              8 |         4.00 |
|  system_i/pll_0/inst/clk_out1 | system_i/hub_0/inst/buf_0/buf_1/CE043_out                             | system_i/hub_0/inst/buf_3/buf_0/ACTIVE_LOW_PR_OUT_DFF[0].FDRE_PER_N      |                2 |              8 |         4.00 |
|  system_i/pll_0/inst/clk_out1 | system_i/hub_0/inst/buf_0/buf_1/CE045_out                             | system_i/hub_0/inst/buf_3/buf_0/ACTIVE_LOW_PR_OUT_DFF[0].FDRE_PER_N      |                2 |              8 |         4.00 |
|  system_i/pll_0/inst/clk_out1 | system_i/hub_0/inst/buf_0/buf_1/CE047_out                             | system_i/hub_0/inst/buf_3/buf_0/ACTIVE_LOW_PR_OUT_DFF[0].FDRE_PER_N      |                2 |              8 |         4.00 |
|  system_i/pll_0/inst/clk_out1 | system_i/hub_0/inst/buf_0/buf_1/CE050_out                             | system_i/hub_0/inst/buf_3/buf_0/ACTIVE_LOW_PR_OUT_DFF[0].FDRE_PER_N      |                2 |              8 |         4.00 |
|  system_i/pll_0/inst/clk_out1 | system_i/hub_0/inst/buf_0/buf_1/CE052_out                             | system_i/hub_0/inst/buf_3/buf_0/ACTIVE_LOW_PR_OUT_DFF[0].FDRE_PER_N      |                2 |              8 |         4.00 |
|  system_i/pll_0/inst/clk_out1 | system_i/hub_0/inst/buf_0/buf_1/CE054_out                             | system_i/hub_0/inst/buf_3/buf_0/ACTIVE_LOW_PR_OUT_DFF[0].FDRE_PER_N      |                1 |              8 |         8.00 |
|  system_i/pll_0/inst/clk_out1 | system_i/hub_0/inst/buf_0/buf_1/CE056_out                             | system_i/hub_0/inst/buf_3/buf_0/ACTIVE_LOW_PR_OUT_DFF[0].FDRE_PER_N      |                2 |              8 |         4.00 |
|  system_i/pll_0/inst/clk_out1 | system_i/hub_0/inst/buf_0/buf_1/int_data_reg_reg[33]_0                | system_i/hub_0/inst/buf_3/buf_0/ACTIVE_LOW_PR_OUT_DFF[0].FDRE_PER_N      |                3 |              8 |         2.67 |
|  system_i/pll_0/inst/clk_out1 | system_i/hub_0/inst/buf_0/buf_1/CE023_out                             | system_i/hub_0/inst/buf_3/buf_0/ACTIVE_LOW_PR_OUT_DFF[0].FDRE_PER_N      |                1 |              8 |         8.00 |
|  system_i/pll_0/inst/clk_out1 | system_i/hub_0/inst/buf_0/buf_1/CE016_out                             | system_i/hub_0/inst/buf_3/buf_0/ACTIVE_LOW_PR_OUT_DFF[0].FDRE_PER_N      |                1 |              8 |         8.00 |
|  system_i/pll_0/inst/clk_out1 | system_i/hub_0/inst/buf_0/buf_1/CE0                                   | system_i/hub_0/inst/buf_3/buf_0/ACTIVE_LOW_PR_OUT_DFF[0].FDRE_PER_N      |                2 |              8 |         4.00 |
|  system_i/pll_0/inst/clk_out1 |                                                                       | system_i/hub_0/inst/buf_3/buf_0/ACTIVE_LOW_PR_OUT_DFF[0].FDRE_PER_N      |                4 |              8 |         2.00 |
|  system_i/pll_0/inst/clk_out1 | system_i/hub_0/inst/buf_2/int_bready_wire                             |                                                                          |                3 |             12 |         4.00 |
|  system_i/pll_0/inst/clk_out1 | system_i/axis_decimator_0/inst/int_tdata_reg0                         | system_i/axis_decimator_0/inst/p_0_in                                    |                3 |             14 |         4.67 |
|  system_i/pll_0/inst/clk_out1 | system_i/axis_decimator_0/inst/int_cntr_reg0                          | system_i/axis_decimator_0/inst/int_cntr_reg[15]_i_1_n_0                  |                5 |             16 |         3.20 |
|  system_i/pll_0/inst/clk_out1 | system_i/writer_0/inst/buf_0/E[0]                                     | system_i/writer_0/inst/buf_0/SR[0]                                       |                5 |             16 |         3.20 |
|  system_i/pll_0/inst/clk_out1 | system_i/hub_0/inst/buf_0/buf_0/int_ready_reg_reg_0                   |                                                                          |                4 |             19 |         4.75 |
|  system_i/pll_0/inst/clk_out1 | system_i/writer_0/inst/fifo_0/xpm_fifo_base_inst/rdp_inst/ram_rd_en_i | system_i/writer_0/inst/fifo_0/xpm_fifo_base_inst/xpm_fifo_rst_inst/Q[0]  |                6 |             19 |         3.17 |
|  system_i/pll_0/inst/clk_out1 | system_i/hub_0/inst/buf_1/buf_1/E[0]                                  |                                                                          |                6 |             19 |         3.17 |
|  system_i/pll_0/inst/clk_out1 |                                                                       |                                                                          |               12 |             23 |         1.92 |
|  system_i/pll_0/inst/clk_out1 | system_i/hub_0/inst/buf_3/buf_0/int_ready_reg_reg_0                   |                                                                          |                7 |             23 |         3.29 |
|  system_i/pll_0/inst/clk_out1 | system_i/writer_0/inst/fifo_0/xpm_fifo_base_inst/rst_d1_inst/E[0]     | system_i/writer_0/inst/fifo_0/xpm_fifo_base_inst/xpm_fifo_rst_inst/Q[0]  |                6 |             23 |         3.83 |
|  system_i/pll_0/inst/clk_out1 | system_i/hub_0/inst/buf_3/buf_1/int_data_reg[47]_i_1__0_n_0           |                                                                          |                8 |             23 |         2.88 |
|  system_i/pll_0/inst/clk_out1 | system_i/writer_0/inst/buf_0/int_awready_wire                         |                                                                          |                7 |             32 |         4.57 |
|  system_i/pll_0/inst/clk_out1 | system_i/hub_0/inst/buf_1/buf_0/int_ready_reg_reg_0                   |                                                                          |                9 |             37 |         4.11 |
|  system_i/pll_0/inst/clk_out1 | system_i/hub_0/inst/buf_1/buf_1/int_ready_wire                        |                                                                          |               13 |             37 |         2.85 |
|  system_i/pll_0/inst/clk_out1 | system_i/hub_0/inst/buf_4/int_rready_wire                             |                                                                          |               16 |             51 |         3.19 |
|  system_i/pll_0/inst/clk_out1 | system_i/writer_0/inst/buf_1/int_wready_wire                          |                                                                          |               15 |             65 |         4.33 |
|  system_i/pll_0/inst/clk_out1 |                                                                       | system_i/ADC_1/inst/m_axis_tvalid_i_2_n_0                                |               32 |            106 |         3.31 |
+-------------------------------+-----------------------------------------------------------------------+--------------------------------------------------------------------------+------------------+----------------+--------------+


